{"level":"info","message":"listening on port: 3000","timestamp":"2024-12-06 04:50:23 PM"}
{"level":"info","message":"listening on port: 3000","timestamp":"2024-12-06 04:50:47 PM"}
{"level":"info","message":"database connection successful","timestamp":"2024-12-06 04:50:47 PM"}
{"level":"info","message":"listening on port: 3000","timestamp":"2024-12-06 04:52:10 PM"}
{"level":"info","message":"database connection successful","timestamp":"2024-12-06 04:52:10 PM"}
{"level":"error","message":"Error: Email already taken\n    at /app/src/controllers/auth.controller.js:14:15\n    at process.processTicksAndRejections (node:internal/process/task_queues:95:5)","timestamp":"2024-12-06 04:52:16 PM"}
{"level":"info","message":"listening on port: 3000","timestamp":"2024-12-06 04:52:59 PM"}
{"level":"info","message":"database connection successful","timestamp":"2024-12-06 04:52:59 PM"}
{"level":"info","message":"listening on port: 3000","timestamp":"2024-12-06 04:54:55 PM"}
{"level":"info","message":"database connection successful","timestamp":"2024-12-06 04:54:55 PM"}
{"level":"error","message":"Error: Email already taken\n    at /app/src/controllers/auth.controller.js:14:15\n    at process.processTicksAndRejections (node:internal/process/task_queues:95:5)","timestamp":"2024-12-06 04:55:01 PM"}
{"level":"info","message":"listening on port: 3000","timestamp":"2024-12-06 05:01:02 PM"}
{"level":"info","message":"database connection successful","timestamp":"2024-12-06 05:01:02 PM"}
{"level":"info","message":"listening on port: 3000","timestamp":"2024-12-06 05:01:25 PM"}
{"level":"info","message":"database connection successful","timestamp":"2024-12-06 05:01:25 PM"}
{"level":"info","message":"listening on port: 3000","timestamp":"2024-12-06 05:01:54 PM"}
{"level":"info","message":"database connection successful","timestamp":"2024-12-06 05:01:54 PM"}
{"level":"info","message":"listening on port: 3000","timestamp":"2024-12-06 05:04:18 PM"}
{"level":"info","message":"database connection successful","timestamp":"2024-12-06 05:04:19 PM"}
{"level":"info","message":"listening on port: 3000","timestamp":"2024-12-06 05:04:47 PM"}
{"level":"info","message":"database connection successful","timestamp":"2024-12-06 05:04:47 PM"}
{"level":"info","message":"listening on port: 3000","timestamp":"2024-12-06 05:04:57 PM"}
{"level":"info","message":"database connection successful","timestamp":"2024-12-06 05:04:57 PM"}
{"level":"info","message":"listening on port: 3000","timestamp":"2024-12-06 05:05:05 PM"}
{"level":"info","message":"database connection successful","timestamp":"2024-12-06 05:05:05 PM"}
{"level":"info","message":"listening on port: 3000","timestamp":"2024-12-06 05:19:30 PM"}
{"level":"info","message":"database connection successful","timestamp":"2024-12-06 05:19:30 PM"}
{"level":"info","message":"listening on port: 3000","timestamp":"2024-12-06 05:19:40 PM"}
{"level":"info","message":"database connection successful","timestamp":"2024-12-06 05:19:40 PM"}
{"level":"error","message":"SIGETRM received","timestamp":"2024-12-06 05:31:19 PM"}
{"level":"info","message":"listening on port: 3000","timestamp":"2024-12-07 12:32:48 PM"}
{"level":"info","message":"database connection successful","timestamp":"2024-12-07 12:32:48 PM"}
{"level":"info","message":"listening on port: 3000","timestamp":"2024-12-07 12:56:16 PM"}
{"level":"info","message":"database connection successful","timestamp":"2024-12-07 12:56:16 PM"}
{"level":"info","message":"listening on port: 3000","timestamp":"2024-12-07 01:05:04 PM"}
{"level":"info","message":"database connection successful","timestamp":"2024-12-07 01:05:04 PM"}
{"level":"info","message":"listening on port: 3000","timestamp":"2024-12-07 01:08:05 PM"}
{"level":"info","message":"database connection successful","timestamp":"2024-12-07 01:08:05 PM"}
{"level":"info","message":"listening on port: 3000","timestamp":"2024-12-07 01:11:25 PM"}
{"level":"info","message":"database connection successful","timestamp":"2024-12-07 01:11:25 PM"}
{"level":"info","message":"listening on port: 3000","timestamp":"2024-12-07 01:13:12 PM"}
{"level":"info","message":"database connection successful","timestamp":"2024-12-07 01:13:12 PM"}
{"level":"error","message":"Error: Not found\n    at /app/src/app.js:37:10\n    at Layer.handle [as handle_request] (/app/node_modules/express/lib/router/layer.js:95:5)\n    at trim_prefix (/app/node_modules/express/lib/router/index.js:328:13)\n    at /app/node_modules/express/lib/router/index.js:286:9\n    at Function.process_params (/app/node_modules/express/lib/router/index.js:346:12)\n    at next (/app/node_modules/express/lib/router/index.js:280:10)\n    at cors (/app/node_modules/cors/lib/index.js:188:7)\n    at /app/node_modules/cors/lib/index.js:224:17\n    at originCallback (/app/node_modules/cors/lib/index.js:214:15)\n    at /app/node_modules/cors/lib/index.js:219:13","timestamp":"2024-12-07 01:13:31 PM"}
{"level":"error","message":"Error: Not found\n    at /app/src/app.js:37:10\n    at Layer.handle [as handle_request] (/app/node_modules/express/lib/router/layer.js:95:5)\n    at trim_prefix (/app/node_modules/express/lib/router/index.js:328:13)\n    at /app/node_modules/express/lib/router/index.js:286:9\n    at Function.process_params (/app/node_modules/express/lib/router/index.js:346:12)\n    at next (/app/node_modules/express/lib/router/index.js:280:10)\n    at cors (/app/node_modules/cors/lib/index.js:188:7)\n    at /app/node_modules/cors/lib/index.js:224:17\n    at originCallback (/app/node_modules/cors/lib/index.js:214:15)\n    at /app/node_modules/cors/lib/index.js:219:13","timestamp":"2024-12-07 01:13:31 PM"}
{"level":"info","message":"listening on port: 3000","timestamp":"2024-12-07 01:22:31 PM"}
{"level":"info","message":"database connection successful","timestamp":"2024-12-07 01:22:31 PM"}
{"level":"error","message":"Error: Not found\n    at /app/src/app.js:37:10\n    at Layer.handle [as handle_request] (/app/node_modules/express/lib/router/layer.js:95:5)\n    at trim_prefix (/app/node_modules/express/lib/router/index.js:328:13)\n    at /app/node_modules/express/lib/router/index.js:286:9\n    at Function.process_params (/app/node_modules/express/lib/router/index.js:346:12)\n    at next (/app/node_modules/express/lib/router/index.js:280:10)\n    at cors (/app/node_modules/cors/lib/index.js:188:7)\n    at /app/node_modules/cors/lib/index.js:224:17\n    at originCallback (/app/node_modules/cors/lib/index.js:214:15)\n    at /app/node_modules/cors/lib/index.js:219:13","timestamp":"2024-12-07 01:23:20 PM"}
{"level":"error","message":"Error: Not found\n    at /app/src/app.js:37:10\n    at Layer.handle [as handle_request] (/app/node_modules/express/lib/router/layer.js:95:5)\n    at trim_prefix (/app/node_modules/express/lib/router/index.js:328:13)\n    at /app/node_modules/express/lib/router/index.js:286:9\n    at Function.process_params (/app/node_modules/express/lib/router/index.js:346:12)\n    at next (/app/node_modules/express/lib/router/index.js:280:10)\n    at cors (/app/node_modules/cors/lib/index.js:188:7)\n    at /app/node_modules/cors/lib/index.js:224:17\n    at originCallback (/app/node_modules/cors/lib/index.js:214:15)\n    at /app/node_modules/cors/lib/index.js:219:13","timestamp":"2024-12-07 01:23:20 PM"}
{"level":"info","message":"listening on port: 3000","timestamp":"2024-12-07 01:25:11 PM"}
{"level":"info","message":"database connection successful","timestamp":"2024-12-07 01:25:11 PM"}
{"level":"info","message":"listening on port: 3000","timestamp":"2024-12-07 01:25:16 PM"}
{"level":"info","message":"database connection successful","timestamp":"2024-12-07 01:25:16 PM"}
{"level":"error","message":"Error: Confirm password is required\n    at /app/src/middlewares/validate.js:9:21\n    at Layer.handle [as handle_request] (/app/node_modules/express/lib/router/layer.js:95:5)\n    at next (/app/node_modules/express/lib/router/route.js:149:13)\n    at Route.dispatch (/app/node_modules/express/lib/router/route.js:119:3)\n    at Layer.handle [as handle_request] (/app/node_modules/express/lib/router/layer.js:95:5)\n    at /app/node_modules/express/lib/router/index.js:284:15\n    at Function.process_params (/app/node_modules/express/lib/router/index.js:346:12)\n    at next (/app/node_modules/express/lib/router/index.js:280:10)\n    at Function.handle (/app/node_modules/express/lib/router/index.js:175:3)\n    at router (/app/node_modules/express/lib/router/index.js:47:12)","timestamp":"2024-12-07 01:25:32 PM"}
{"level":"error","message":"Error: Confirm password is required\n    at /app/src/middlewares/validate.js:9:21\n    at Layer.handle [as handle_request] (/app/node_modules/express/lib/router/layer.js:95:5)\n    at next (/app/node_modules/express/lib/router/route.js:149:13)\n    at Route.dispatch (/app/node_modules/express/lib/router/route.js:119:3)\n    at Layer.handle [as handle_request] (/app/node_modules/express/lib/router/layer.js:95:5)\n    at /app/node_modules/express/lib/router/index.js:284:15\n    at Function.process_params (/app/node_modules/express/lib/router/index.js:346:12)\n    at next (/app/node_modules/express/lib/router/index.js:280:10)\n    at Function.handle (/app/node_modules/express/lib/router/index.js:175:3)\n    at router (/app/node_modules/express/lib/router/index.js:47:12)","timestamp":"2024-12-07 01:25:38 PM"}
{"level":"error","message":"Error: Confirm password is required\n    at /app/src/middlewares/validate.js:9:21\n    at Layer.handle [as handle_request] (/app/node_modules/express/lib/router/layer.js:95:5)\n    at next (/app/node_modules/express/lib/router/route.js:149:13)\n    at Route.dispatch (/app/node_modules/express/lib/router/route.js:119:3)\n    at Layer.handle [as handle_request] (/app/node_modules/express/lib/router/layer.js:95:5)\n    at /app/node_modules/express/lib/router/index.js:284:15\n    at Function.process_params (/app/node_modules/express/lib/router/index.js:346:12)\n    at next (/app/node_modules/express/lib/router/index.js:280:10)\n    at Function.handle (/app/node_modules/express/lib/router/index.js:175:3)\n    at router (/app/node_modules/express/lib/router/index.js:47:12)","timestamp":"2024-12-07 01:25:39 PM"}
{"level":"error","message":"Error: Confirm password is required\n    at /app/src/middlewares/validate.js:9:21\n    at Layer.handle [as handle_request] (/app/node_modules/express/lib/router/layer.js:95:5)\n    at next (/app/node_modules/express/lib/router/route.js:149:13)\n    at Route.dispatch (/app/node_modules/express/lib/router/route.js:119:3)\n    at Layer.handle [as handle_request] (/app/node_modules/express/lib/router/layer.js:95:5)\n    at /app/node_modules/express/lib/router/index.js:284:15\n    at Function.process_params (/app/node_modules/express/lib/router/index.js:346:12)\n    at next (/app/node_modules/express/lib/router/index.js:280:10)\n    at Function.handle (/app/node_modules/express/lib/router/index.js:175:3)\n    at router (/app/node_modules/express/lib/router/index.js:47:12)","timestamp":"2024-12-07 01:25:40 PM"}
{"level":"error","message":"Error: Confirm password is required\n    at /app/src/middlewares/validate.js:9:21\n    at Layer.handle [as handle_request] (/app/node_modules/express/lib/router/layer.js:95:5)\n    at next (/app/node_modules/express/lib/router/route.js:149:13)\n    at Route.dispatch (/app/node_modules/express/lib/router/route.js:119:3)\n    at Layer.handle [as handle_request] (/app/node_modules/express/lib/router/layer.js:95:5)\n    at /app/node_modules/express/lib/router/index.js:284:15\n    at Function.process_params (/app/node_modules/express/lib/router/index.js:346:12)\n    at next (/app/node_modules/express/lib/router/index.js:280:10)\n    at Function.handle (/app/node_modules/express/lib/router/index.js:175:3)\n    at router (/app/node_modules/express/lib/router/index.js:47:12)","timestamp":"2024-12-07 01:25:40 PM"}
{"level":"error","message":"Error: Confirm password is required\n    at /app/src/middlewares/validate.js:9:21\n    at Layer.handle [as handle_request] (/app/node_modules/express/lib/router/layer.js:95:5)\n    at next (/app/node_modules/express/lib/router/route.js:149:13)\n    at Route.dispatch (/app/node_modules/express/lib/router/route.js:119:3)\n    at Layer.handle [as handle_request] (/app/node_modules/express/lib/router/layer.js:95:5)\n    at /app/node_modules/express/lib/router/index.js:284:15\n    at Function.process_params (/app/node_modules/express/lib/router/index.js:346:12)\n    at next (/app/node_modules/express/lib/router/index.js:280:10)\n    at Function.handle (/app/node_modules/express/lib/router/index.js:175:3)\n    at router (/app/node_modules/express/lib/router/index.js:47:12)","timestamp":"2024-12-07 01:25:41 PM"}
{"level":"error","message":"Error: Confirm password is required\n    at /app/src/middlewares/validate.js:9:21\n    at Layer.handle [as handle_request] (/app/node_modules/express/lib/router/layer.js:95:5)\n    at next (/app/node_modules/express/lib/router/route.js:149:13)\n    at Route.dispatch (/app/node_modules/express/lib/router/route.js:119:3)\n    at Layer.handle [as handle_request] (/app/node_modules/express/lib/router/layer.js:95:5)\n    at /app/node_modules/express/lib/router/index.js:284:15\n    at Function.process_params (/app/node_modules/express/lib/router/index.js:346:12)\n    at next (/app/node_modules/express/lib/router/index.js:280:10)\n    at Function.handle (/app/node_modules/express/lib/router/index.js:175:3)\n    at router (/app/node_modules/express/lib/router/index.js:47:12)","timestamp":"2024-12-07 01:25:47 PM"}
{"level":"info","message":"listening on port: 3000","timestamp":"2024-12-07 01:26:14 PM"}
{"level":"info","message":"database connection successful","timestamp":"2024-12-07 01:26:14 PM"}
{"level":"info","message":"listening on port: 3000","timestamp":"2024-12-07 01:27:32 PM"}
{"level":"info","message":"database connection successful","timestamp":"2024-12-07 01:27:32 PM"}
{"level":"error","message":"Error: Password must match\n    at /app/src/middlewares/validate.js:9:21\n    at Layer.handle [as handle_request] (/app/node_modules/express/lib/router/layer.js:95:5)\n    at next (/app/node_modules/express/lib/router/route.js:149:13)\n    at Route.dispatch (/app/node_modules/express/lib/router/route.js:119:3)\n    at Layer.handle [as handle_request] (/app/node_modules/express/lib/router/layer.js:95:5)\n    at /app/node_modules/express/lib/router/index.js:284:15\n    at Function.process_params (/app/node_modules/express/lib/router/index.js:346:12)\n    at next (/app/node_modules/express/lib/router/index.js:280:10)\n    at Function.handle (/app/node_modules/express/lib/router/index.js:175:3)\n    at router (/app/node_modules/express/lib/router/index.js:47:12)","timestamp":"2024-12-07 01:27:56 PM"}
{"level":"info","message":"listening on port: 3000","timestamp":"2024-12-07 01:29:45 PM"}
{"level":"info","message":"database connection successful","timestamp":"2024-12-07 01:29:45 PM"}
{"level":"info","message":"listening on port: 3000","timestamp":"2024-12-07 01:30:03 PM"}
{"level":"info","message":"database connection successful","timestamp":"2024-12-07 01:30:03 PM"}
{"level":"error","message":"Error: Password must match\n    at /app/src/middlewares/validate.js:9:21\n    at Layer.handle [as handle_request] (/app/node_modules/express/lib/router/layer.js:95:5)\n    at next (/app/node_modules/express/lib/router/route.js:149:13)\n    at Route.dispatch (/app/node_modules/express/lib/router/route.js:119:3)\n    at Layer.handle [as handle_request] (/app/node_modules/express/lib/router/layer.js:95:5)\n    at /app/node_modules/express/lib/router/index.js:284:15\n    at Function.process_params (/app/node_modules/express/lib/router/index.js:346:12)\n    at next (/app/node_modules/express/lib/router/index.js:280:10)\n    at Function.handle (/app/node_modules/express/lib/router/index.js:175:3)\n    at router (/app/node_modules/express/lib/router/index.js:47:12)","timestamp":"2024-12-07 01:30:08 PM"}
{"level":"info","message":"listening on port: 3000","timestamp":"2024-12-07 01:31:12 PM"}
{"level":"info","message":"database connection successful","timestamp":"2024-12-07 01:31:12 PM"}
{"level":"error","message":"Error: Password must match\n    at /app/src/middlewares/validate.js:9:21\n    at Layer.handle [as handle_request] (/app/node_modules/express/lib/router/layer.js:95:5)\n    at next (/app/node_modules/express/lib/router/route.js:149:13)\n    at Route.dispatch (/app/node_modules/express/lib/router/route.js:119:3)\n    at Layer.handle [as handle_request] (/app/node_modules/express/lib/router/layer.js:95:5)\n    at /app/node_modules/express/lib/router/index.js:284:15\n    at Function.process_params (/app/node_modules/express/lib/router/index.js:346:12)\n    at next (/app/node_modules/express/lib/router/index.js:280:10)\n    at Function.handle (/app/node_modules/express/lib/router/index.js:175:3)\n    at router (/app/node_modules/express/lib/router/index.js:47:12)","timestamp":"2024-12-07 01:31:26 PM"}
{"level":"error","message":"Error: Email already taken\n    at /app/src/controllers/auth.controller.js:10:15\n    at process.processTicksAndRejections (node:internal/process/task_queues:95:5)","timestamp":"2024-12-07 01:32:13 PM"}
{"level":"info","message":"listening on port: 3000","timestamp":"2024-12-07 01:34:13 PM"}
{"level":"info","message":"database connection successful","timestamp":"2024-12-07 01:34:13 PM"}
{"level":"info","message":"listening on port: 3000","timestamp":"2024-12-07 01:36:07 PM"}
{"level":"info","message":"database connection successful","timestamp":"2024-12-07 01:36:07 PM"}
{"level":"info","message":"listening on port: 3000","timestamp":"2024-12-07 01:36:17 PM"}
{"level":"info","message":"database connection successful","timestamp":"2024-12-07 01:36:17 PM"}
{"level":"info","message":"listening on port: 3000","timestamp":"2024-12-07 01:37:36 PM"}
{"level":"info","message":"database connection successful","timestamp":"2024-12-07 01:37:36 PM"}
{"level":"info","message":"listening on port: 3000","timestamp":"2024-12-07 01:37:41 PM"}
{"level":"info","message":"database connection successful","timestamp":"2024-12-07 01:37:41 PM"}
{"level":"info","message":"listening on port: 3000","timestamp":"2024-12-07 01:46:38 PM"}
{"level":"info","message":"database connection successful","timestamp":"2024-12-07 01:46:38 PM"}
{"level":"info","message":"listening on port: 3000","timestamp":"2024-12-07 01:52:14 PM"}
{"level":"info","message":"database connection successful","timestamp":"2024-12-07 01:52:14 PM"}
{"level":"info","message":"listening on port: 3000","timestamp":"2024-12-07 01:52:31 PM"}
{"level":"info","message":"database connection successful","timestamp":"2024-12-07 01:52:31 PM"}
{"level":"info","message":"listening on port: 3000","timestamp":"2024-12-07 01:52:41 PM"}
{"level":"info","message":"database connection successful","timestamp":"2024-12-07 01:52:41 PM"}
{"level":"info","message":"listening on port: 3000","timestamp":"2024-12-07 01:54:41 PM"}
{"level":"info","message":"database connection successful","timestamp":"2024-12-07 01:54:41 PM"}
{"level":"info","message":"listening on port: 3000","timestamp":"2024-12-07 01:55:41 PM"}
{"level":"info","message":"database connection successful","timestamp":"2024-12-07 01:55:41 PM"}
{"level":"info","message":"listening on port: 3000","timestamp":"2024-12-07 01:55:48 PM"}
{"level":"info","message":"database connection successful","timestamp":"2024-12-07 01:55:48 PM"}
{"level":"info","message":"listening on port: 3000","timestamp":"2024-12-07 01:55:52 PM"}
{"level":"info","message":"database connection successful","timestamp":"2024-12-07 01:55:52 PM"}
{"level":"info","message":"listening on port: 3000","timestamp":"2024-12-07 01:58:35 PM"}
{"level":"info","message":"database connection successful","timestamp":"2024-12-07 01:58:35 PM"}
{"level":"info","message":"listening on port: 3000","timestamp":"2024-12-07 01:59:28 PM"}
{"level":"info","message":"database connection successful","timestamp":"2024-12-07 01:59:28 PM"}
{"level":"info","message":"listening on port: 3000","timestamp":"2024-12-07 02:00:34 PM"}
{"level":"info","message":"database connection successful","timestamp":"2024-12-07 02:00:34 PM"}
{"level":"info","message":"listening on port: 3000","timestamp":"2024-12-07 02:01:05 PM"}
{"level":"info","message":"database connection successful","timestamp":"2024-12-07 02:01:05 PM"}
{"level":"info","message":"listening on port: 3000","timestamp":"2024-12-07 02:01:23 PM"}
{"level":"info","message":"database connection successful","timestamp":"2024-12-07 02:01:23 PM"}
{"level":"info","message":"listening on port: 3000","timestamp":"2024-12-07 02:02:27 PM"}
{"level":"info","message":"database connection successful","timestamp":"2024-12-07 02:02:27 PM"}
{"level":"info","message":"listening on port: 3000","timestamp":"2024-12-07 02:02:28 PM"}
{"level":"info","message":"database connection successful","timestamp":"2024-12-07 02:02:28 PM"}
{"level":"info","message":"listening on port: 3000","timestamp":"2024-12-07 02:02:30 PM"}
{"level":"info","message":"database connection successful","timestamp":"2024-12-07 02:02:30 PM"}
{"level":"info","message":"listening on port: 3000","timestamp":"2024-12-07 02:17:36 PM"}
{"level":"info","message":"database connection successful","timestamp":"2024-12-07 02:17:36 PM"}
{"level":"info","message":"listening on port: 3000","timestamp":"2024-12-07 03:06:31 PM"}
{"level":"info","message":"database connection successful","timestamp":"2024-12-07 03:06:31 PM"}
{"level":"info","message":"listening on port: 3000","timestamp":"2024-12-07 03:09:41 PM"}
{"level":"info","message":"database connection successful","timestamp":"2024-12-07 03:09:41 PM"}
{"level":"error","message":"Error: Password must match\n    at /app/src/middlewares/validate.js:9:21\n    at Layer.handle [as handle_request] (/app/node_modules/express/lib/router/layer.js:95:5)\n    at next (/app/node_modules/express/lib/router/route.js:149:13)\n    at Route.dispatch (/app/node_modules/express/lib/router/route.js:119:3)\n    at Layer.handle [as handle_request] (/app/node_modules/express/lib/router/layer.js:95:5)\n    at /app/node_modules/express/lib/router/index.js:284:15\n    at Function.process_params (/app/node_modules/express/lib/router/index.js:346:12)\n    at next (/app/node_modules/express/lib/router/index.js:280:10)\n    at Function.handle (/app/node_modules/express/lib/router/index.js:175:3)\n    at router (/app/node_modules/express/lib/router/index.js:47:12)","timestamp":"2024-12-07 03:10:29 PM"}
{"level":"error","message":"Error: Password must match\n    at /app/src/middlewares/validate.js:9:21\n    at Layer.handle [as handle_request] (/app/node_modules/express/lib/router/layer.js:95:5)\n    at next (/app/node_modules/express/lib/router/route.js:149:13)\n    at Route.dispatch (/app/node_modules/express/lib/router/route.js:119:3)\n    at Layer.handle [as handle_request] (/app/node_modules/express/lib/router/layer.js:95:5)\n    at /app/node_modules/express/lib/router/index.js:284:15\n    at Function.process_params (/app/node_modules/express/lib/router/index.js:346:12)\n    at next (/app/node_modules/express/lib/router/index.js:280:10)\n    at Function.handle (/app/node_modules/express/lib/router/index.js:175:3)\n    at router (/app/node_modules/express/lib/router/index.js:47:12)","timestamp":"2024-12-07 03:10:39 PM"}
{"level":"error","message":"Error: Password must match\n    at /app/src/middlewares/validate.js:9:21\n    at Layer.handle [as handle_request] (/app/node_modules/express/lib/router/layer.js:95:5)\n    at next (/app/node_modules/express/lib/router/route.js:149:13)\n    at Route.dispatch (/app/node_modules/express/lib/router/route.js:119:3)\n    at Layer.handle [as handle_request] (/app/node_modules/express/lib/router/layer.js:95:5)\n    at /app/node_modules/express/lib/router/index.js:284:15\n    at Function.process_params (/app/node_modules/express/lib/router/index.js:346:12)\n    at next (/app/node_modules/express/lib/router/index.js:280:10)\n    at Function.handle (/app/node_modules/express/lib/router/index.js:175:3)\n    at router (/app/node_modules/express/lib/router/index.js:47:12)","timestamp":"2024-12-07 03:10:39 PM"}
{"level":"error","message":"Error: Password must match\n    at /app/src/middlewares/validate.js:9:21\n    at Layer.handle [as handle_request] (/app/node_modules/express/lib/router/layer.js:95:5)\n    at next (/app/node_modules/express/lib/router/route.js:149:13)\n    at Route.dispatch (/app/node_modules/express/lib/router/route.js:119:3)\n    at Layer.handle [as handle_request] (/app/node_modules/express/lib/router/layer.js:95:5)\n    at /app/node_modules/express/lib/router/index.js:284:15\n    at Function.process_params (/app/node_modules/express/lib/router/index.js:346:12)\n    at next (/app/node_modules/express/lib/router/index.js:280:10)\n    at Function.handle (/app/node_modules/express/lib/router/index.js:175:3)\n    at router (/app/node_modules/express/lib/router/index.js:47:12)","timestamp":"2024-12-07 03:10:40 PM"}
{"level":"error","message":"Error: Password must match\n    at /app/src/middlewares/validate.js:9:21\n    at Layer.handle [as handle_request] (/app/node_modules/express/lib/router/layer.js:95:5)\n    at next (/app/node_modules/express/lib/router/route.js:149:13)\n    at Route.dispatch (/app/node_modules/express/lib/router/route.js:119:3)\n    at Layer.handle [as handle_request] (/app/node_modules/express/lib/router/layer.js:95:5)\n    at /app/node_modules/express/lib/router/index.js:284:15\n    at Function.process_params (/app/node_modules/express/lib/router/index.js:346:12)\n    at next (/app/node_modules/express/lib/router/index.js:280:10)\n    at Function.handle (/app/node_modules/express/lib/router/index.js:175:3)\n    at router (/app/node_modules/express/lib/router/index.js:47:12)","timestamp":"2024-12-07 03:10:41 PM"}
{"level":"info","message":"listening on port: 3000","timestamp":"2024-12-07 03:11:43 PM"}
{"level":"info","message":"database connection successful","timestamp":"2024-12-07 03:11:43 PM"}
{"level":"info","message":"listening on port: 3000","timestamp":"2024-12-07 03:11:55 PM"}
{"level":"info","message":"database connection successful","timestamp":"2024-12-07 03:11:55 PM"}
{"level":"error","message":"Error: Not found\n    at /app/src/app.js:36:10\n    at Layer.handle [as handle_request] (/app/node_modules/express/lib/router/layer.js:95:5)\n    at trim_prefix (/app/node_modules/express/lib/router/index.js:328:13)\n    at /app/node_modules/express/lib/router/index.js:286:9\n    at Function.process_params (/app/node_modules/express/lib/router/index.js:346:12)\n    at next (/app/node_modules/express/lib/router/index.js:280:10)\n    at /app/node_modules/express/lib/router/index.js:646:15\n    at next (/app/node_modules/express/lib/router/index.js:265:14)\n    at Function.handle (/app/node_modules/express/lib/router/index.js:175:3)\n    at router (/app/node_modules/express/lib/router/index.js:47:12)","timestamp":"2024-12-07 03:12:15 PM"}
{"level":"error","message":"Error: Not found\n    at /app/src/app.js:36:10\n    at Layer.handle [as handle_request] (/app/node_modules/express/lib/router/layer.js:95:5)\n    at trim_prefix (/app/node_modules/express/lib/router/index.js:328:13)\n    at /app/node_modules/express/lib/router/index.js:286:9\n    at Function.process_params (/app/node_modules/express/lib/router/index.js:346:12)\n    at next (/app/node_modules/express/lib/router/index.js:280:10)\n    at /app/node_modules/express/lib/router/index.js:646:15\n    at next (/app/node_modules/express/lib/router/index.js:265:14)\n    at Function.handle (/app/node_modules/express/lib/router/index.js:175:3)\n    at router (/app/node_modules/express/lib/router/index.js:47:12)","timestamp":"2024-12-07 03:13:16 PM"}
{"level":"info","message":"listening on port: 3000","timestamp":"2024-12-07 03:13:54 PM"}
{"level":"info","message":"database connection successful","timestamp":"2024-12-07 03:13:54 PM"}
{"level":"error","message":"Error: Password must match\n    at /app/src/middlewares/validate.js:9:21\n    at Layer.handle [as handle_request] (/app/node_modules/express/lib/router/layer.js:95:5)\n    at next (/app/node_modules/express/lib/router/route.js:149:13)\n    at Route.dispatch (/app/node_modules/express/lib/router/route.js:119:3)\n    at Layer.handle [as handle_request] (/app/node_modules/express/lib/router/layer.js:95:5)\n    at /app/node_modules/express/lib/router/index.js:284:15\n    at Function.process_params (/app/node_modules/express/lib/router/index.js:346:12)\n    at next (/app/node_modules/express/lib/router/index.js:280:10)\n    at Function.handle (/app/node_modules/express/lib/router/index.js:175:3)\n    at router (/app/node_modules/express/lib/router/index.js:47:12)","timestamp":"2024-12-07 03:14:03 PM"}
{"level":"error","message":"Error: Password must match\n    at /app/src/middlewares/validate.js:9:21\n    at Layer.handle [as handle_request] (/app/node_modules/express/lib/router/layer.js:95:5)\n    at next (/app/node_modules/express/lib/router/route.js:149:13)\n    at Route.dispatch (/app/node_modules/express/lib/router/route.js:119:3)\n    at Layer.handle [as handle_request] (/app/node_modules/express/lib/router/layer.js:95:5)\n    at /app/node_modules/express/lib/router/index.js:284:15\n    at Function.process_params (/app/node_modules/express/lib/router/index.js:346:12)\n    at next (/app/node_modules/express/lib/router/index.js:280:10)\n    at Function.handle (/app/node_modules/express/lib/router/index.js:175:3)\n    at router (/app/node_modules/express/lib/router/index.js:47:12)","timestamp":"2024-12-07 03:14:08 PM"}
{"level":"error","message":"Error: Password must match\n    at /app/src/middlewares/validate.js:9:21\n    at Layer.handle [as handle_request] (/app/node_modules/express/lib/router/layer.js:95:5)\n    at next (/app/node_modules/express/lib/router/route.js:149:13)\n    at Route.dispatch (/app/node_modules/express/lib/router/route.js:119:3)\n    at Layer.handle [as handle_request] (/app/node_modules/express/lib/router/layer.js:95:5)\n    at /app/node_modules/express/lib/router/index.js:284:15\n    at Function.process_params (/app/node_modules/express/lib/router/index.js:346:12)\n    at next (/app/node_modules/express/lib/router/index.js:280:10)\n    at Function.handle (/app/node_modules/express/lib/router/index.js:175:3)\n    at router (/app/node_modules/express/lib/router/index.js:47:12)","timestamp":"2024-12-07 03:14:08 PM"}
{"level":"error","message":"Error: Password must match\n    at /app/src/middlewares/validate.js:9:21\n    at Layer.handle [as handle_request] (/app/node_modules/express/lib/router/layer.js:95:5)\n    at next (/app/node_modules/express/lib/router/route.js:149:13)\n    at Route.dispatch (/app/node_modules/express/lib/router/route.js:119:3)\n    at Layer.handle [as handle_request] (/app/node_modules/express/lib/router/layer.js:95:5)\n    at /app/node_modules/express/lib/router/index.js:284:15\n    at Function.process_params (/app/node_modules/express/lib/router/index.js:346:12)\n    at next (/app/node_modules/express/lib/router/index.js:280:10)\n    at Function.handle (/app/node_modules/express/lib/router/index.js:175:3)\n    at router (/app/node_modules/express/lib/router/index.js:47:12)","timestamp":"2024-12-07 03:14:09 PM"}
{"level":"error","message":"Error: Password must match\n    at /app/src/middlewares/validate.js:9:21\n    at Layer.handle [as handle_request] (/app/node_modules/express/lib/router/layer.js:95:5)\n    at next (/app/node_modules/express/lib/router/route.js:149:13)\n    at Route.dispatch (/app/node_modules/express/lib/router/route.js:119:3)\n    at Layer.handle [as handle_request] (/app/node_modules/express/lib/router/layer.js:95:5)\n    at /app/node_modules/express/lib/router/index.js:284:15\n    at Function.process_params (/app/node_modules/express/lib/router/index.js:346:12)\n    at next (/app/node_modules/express/lib/router/index.js:280:10)\n    at Function.handle (/app/node_modules/express/lib/router/index.js:175:3)\n    at router (/app/node_modules/express/lib/router/index.js:47:12)","timestamp":"2024-12-07 03:14:09 PM"}
{"level":"error","message":"Error: Password must match\n    at /app/src/middlewares/validate.js:9:21\n    at Layer.handle [as handle_request] (/app/node_modules/express/lib/router/layer.js:95:5)\n    at next (/app/node_modules/express/lib/router/route.js:149:13)\n    at Route.dispatch (/app/node_modules/express/lib/router/route.js:119:3)\n    at Layer.handle [as handle_request] (/app/node_modules/express/lib/router/layer.js:95:5)\n    at /app/node_modules/express/lib/router/index.js:284:15\n    at Function.process_params (/app/node_modules/express/lib/router/index.js:346:12)\n    at next (/app/node_modules/express/lib/router/index.js:280:10)\n    at Function.handle (/app/node_modules/express/lib/router/index.js:175:3)\n    at router (/app/node_modules/express/lib/router/index.js:47:12)","timestamp":"2024-12-07 03:14:10 PM"}
{"level":"error","message":"Error: Not found\n    at /app/src/app.js:36:10\n    at Layer.handle [as handle_request] (/app/node_modules/express/lib/router/layer.js:95:5)\n    at trim_prefix (/app/node_modules/express/lib/router/index.js:328:13)\n    at /app/node_modules/express/lib/router/index.js:286:9\n    at Function.process_params (/app/node_modules/express/lib/router/index.js:346:12)\n    at next (/app/node_modules/express/lib/router/index.js:280:10)\n    at /app/node_modules/express/lib/router/index.js:646:15\n    at next (/app/node_modules/express/lib/router/index.js:265:14)\n    at Function.handle (/app/node_modules/express/lib/router/index.js:175:3)\n    at router (/app/node_modules/express/lib/router/index.js:47:12)","timestamp":"2024-12-07 03:14:41 PM"}
{"level":"error","message":"MongoServerError: E11000 duplicate key error collection: yelp-camp.users index: email_1 dup key: { email: \"user@example.com\" }\n    at InsertOneOperation.execute (/app/node_modules/mongodb/lib/operations/insert.js:51:19)\n    at process.processTicksAndRejections (node:internal/process/task_queues:95:5)\n    at async executeOperation (/app/node_modules/mongodb/lib/operations/execute_operation.js:136:16)\n    at async Collection.insertOne (/app/node_modules/mongodb/lib/collection.js:155:16)","timestamp":"2024-12-07 03:15:06 PM"}
{"level":"error","message":"MongoServerError: E11000 duplicate key error collection: yelp-camp.users index: email_1 dup key: { email: \"user@example.com\" }\n    at InsertOneOperation.execute (/app/node_modules/mongodb/lib/operations/insert.js:51:19)\n    at process.processTicksAndRejections (node:internal/process/task_queues:95:5)\n    at async executeOperation (/app/node_modules/mongodb/lib/operations/execute_operation.js:136:16)\n    at async Collection.insertOne (/app/node_modules/mongodb/lib/collection.js:155:16)","timestamp":"2024-12-07 03:15:07 PM"}
{"level":"error","message":"MongoServerError: E11000 duplicate key error collection: yelp-camp.users index: email_1 dup key: { email: \"user@example.com\" }\n    at InsertOneOperation.execute (/app/node_modules/mongodb/lib/operations/insert.js:51:19)\n    at process.processTicksAndRejections (node:internal/process/task_queues:95:5)\n    at async executeOperation (/app/node_modules/mongodb/lib/operations/execute_operation.js:136:16)\n    at async Collection.insertOne (/app/node_modules/mongodb/lib/collection.js:155:16)","timestamp":"2024-12-07 03:15:14 PM"}
{"level":"error","message":"Error: Password must match\n    at /app/src/middlewares/validate.js:9:21\n    at Layer.handle [as handle_request] (/app/node_modules/express/lib/router/layer.js:95:5)\n    at next (/app/node_modules/express/lib/router/route.js:149:13)\n    at Route.dispatch (/app/node_modules/express/lib/router/route.js:119:3)\n    at Layer.handle [as handle_request] (/app/node_modules/express/lib/router/layer.js:95:5)\n    at /app/node_modules/express/lib/router/index.js:284:15\n    at Function.process_params (/app/node_modules/express/lib/router/index.js:346:12)\n    at next (/app/node_modules/express/lib/router/index.js:280:10)\n    at Function.handle (/app/node_modules/express/lib/router/index.js:175:3)\n    at router (/app/node_modules/express/lib/router/index.js:47:12)","timestamp":"2024-12-07 03:16:29 PM"}
{"level":"error","message":"MongoServerError: E11000 duplicate key error collection: yelp-camp.users index: email_1 dup key: { email: \"user@example.com\" }\n    at InsertOneOperation.execute (/app/node_modules/mongodb/lib/operations/insert.js:51:19)\n    at process.processTicksAndRejections (node:internal/process/task_queues:95:5)\n    at async executeOperation (/app/node_modules/mongodb/lib/operations/execute_operation.js:136:16)\n    at async Collection.insertOne (/app/node_modules/mongodb/lib/collection.js:155:16)","timestamp":"2024-12-07 03:19:00 PM"}
{"level":"info","message":"listening on port: 3000","timestamp":"2024-12-07 03:20:43 PM"}
{"level":"info","message":"database connection successful","timestamp":"2024-12-07 03:20:43 PM"}
{"level":"info","message":"listening on port: 3000","timestamp":"2024-12-07 03:49:29 PM"}
{"level":"info","message":"database connection successful","timestamp":"2024-12-07 03:49:29 PM"}
{"level":"info","message":"listening on port: 3000","timestamp":"2024-12-07 03:51:41 PM"}
{"level":"info","message":"database connection successful","timestamp":"2024-12-07 03:51:41 PM"}
{"level":"error","message":"Error: Password must match\n    at /app/src/middlewares/validate.js:9:21\n    at Layer.handle [as handle_request] (/app/node_modules/express/lib/router/layer.js:95:5)\n    at next (/app/node_modules/express/lib/router/route.js:149:13)\n    at Route.dispatch (/app/node_modules/express/lib/router/route.js:119:3)\n    at Layer.handle [as handle_request] (/app/node_modules/express/lib/router/layer.js:95:5)\n    at /app/node_modules/express/lib/router/index.js:284:15\n    at Function.process_params (/app/node_modules/express/lib/router/index.js:346:12)\n    at next (/app/node_modules/express/lib/router/index.js:280:10)\n    at Function.handle (/app/node_modules/express/lib/router/index.js:175:3)\n    at router (/app/node_modules/express/lib/router/index.js:47:12)","timestamp":"2024-12-07 03:52:08 PM"}
{"level":"info","message":"listening on port: 3000","timestamp":"2024-12-07 04:16:53 PM"}
{"level":"info","message":"database connection successful","timestamp":"2024-12-07 04:16:53 PM"}
{"level":"info","message":"listening on port: 3000","timestamp":"2024-12-07 04:47:45 PM"}
{"level":"info","message":"database connection successful","timestamp":"2024-12-07 04:47:45 PM"}
{"level":"info","message":"listening on port: 3000","timestamp":"2024-12-07 04:52:39 PM"}
{"level":"info","message":"database connection successful","timestamp":"2024-12-07 04:52:39 PM"}
{"level":"info","message":"listening on port: 3000","timestamp":"2024-12-07 04:54:27 PM"}
{"level":"info","message":"database connection successful","timestamp":"2024-12-07 04:54:27 PM"}
{"level":"error","message":"Error: Password must match\n    at /app/src/middlewares/validate.js:8:21\n    at Layer.handle [as handle_request] (/app/node_modules/express/lib/router/layer.js:95:5)\n    at next (/app/node_modules/express/lib/router/route.js:149:13)\n    at Route.dispatch (/app/node_modules/express/lib/router/route.js:119:3)\n    at Layer.handle [as handle_request] (/app/node_modules/express/lib/router/layer.js:95:5)\n    at /app/node_modules/express/lib/router/index.js:284:15\n    at Function.process_params (/app/node_modules/express/lib/router/index.js:346:12)\n    at next (/app/node_modules/express/lib/router/index.js:280:10)\n    at Function.handle (/app/node_modules/express/lib/router/index.js:175:3)\n    at router (/app/node_modules/express/lib/router/index.js:47:12)","timestamp":"2024-12-07 04:54:36 PM"}
{"level":"info","message":"listening on port: 3000","timestamp":"2024-12-07 04:54:54 PM"}
{"level":"info","message":"database connection successful","timestamp":"2024-12-07 04:54:54 PM"}
{"level":"info","message":"listening on port: 3000","timestamp":"2024-12-07 04:55:06 PM"}
{"level":"info","message":"database connection successful","timestamp":"2024-12-07 04:55:07 PM"}
{"level":"error","message":"Error: Password must match\n    at /app/src/middlewares/validate.js:8:21\n    at Layer.handle [as handle_request] (/app/node_modules/express/lib/router/layer.js:95:5)\n    at next (/app/node_modules/express/lib/router/route.js:149:13)\n    at Route.dispatch (/app/node_modules/express/lib/router/route.js:119:3)\n    at Layer.handle [as handle_request] (/app/node_modules/express/lib/router/layer.js:95:5)\n    at /app/node_modules/express/lib/router/index.js:284:15\n    at Function.process_params (/app/node_modules/express/lib/router/index.js:346:12)\n    at next (/app/node_modules/express/lib/router/index.js:280:10)\n    at Function.handle (/app/node_modules/express/lib/router/index.js:175:3)\n    at router (/app/node_modules/express/lib/router/index.js:47:12)","timestamp":"2024-12-07 04:55:57 PM"}
{"level":"info","message":"listening on port: 3000","timestamp":"2024-12-07 04:58:24 PM"}
{"level":"info","message":"database connection successful","timestamp":"2024-12-07 04:58:24 PM"}
{"level":"info","message":"listening on port: 3000","timestamp":"2024-12-07 04:58:34 PM"}
{"level":"info","message":"database connection successful","timestamp":"2024-12-07 04:58:34 PM"}
{"level":"info","message":"listening on port: 3000","timestamp":"2024-12-07 04:58:43 PM"}
{"level":"info","message":"database connection successful","timestamp":"2024-12-07 04:58:43 PM"}
{"level":"info","message":"listening on port: 3000","timestamp":"2024-12-07 04:59:47 PM"}
{"level":"info","message":"database connection successful","timestamp":"2024-12-07 04:59:47 PM"}
{"level":"info","message":"listening on port: 3000","timestamp":"2024-12-07 05:02:10 PM"}
{"level":"info","message":"database connection successful","timestamp":"2024-12-07 05:02:10 PM"}
{"level":"info","message":"listening on port: 3000","timestamp":"2024-12-07 05:03:49 PM"}
{"level":"info","message":"database connection successful","timestamp":"2024-12-07 05:03:49 PM"}
{"level":"info","message":"listening on port: 3000","timestamp":"2024-12-07 05:04:33 PM"}
{"level":"info","message":"database connection successful","timestamp":"2024-12-07 05:04:33 PM"}
{"level":"info","message":"listening on port: 3000","timestamp":"2024-12-07 05:04:38 PM"}
{"level":"info","message":"database connection successful","timestamp":"2024-12-07 05:04:38 PM"}
{"level":"info","message":"listening on port: 3000","timestamp":"2024-12-07 05:10:11 PM"}
{"level":"info","message":"database connection successful","timestamp":"2024-12-07 05:10:11 PM"}
{"level":"info","message":"listening on port: 3000","timestamp":"2024-12-07 05:10:25 PM"}
{"level":"info","message":"database connection successful","timestamp":"2024-12-07 05:10:26 PM"}
{"level":"info","message":"listening on port: 3000","timestamp":"2024-12-07 05:11:11 PM"}
{"level":"info","message":"database connection successful","timestamp":"2024-12-07 05:11:12 PM"}
{"level":"info","message":"listening on port: 3000","timestamp":"2024-12-07 05:11:20 PM"}
{"level":"info","message":"database connection successful","timestamp":"2024-12-07 05:11:20 PM"}
{"level":"info","message":"listening on port: 3000","timestamp":"2024-12-07 05:12:02 PM"}
{"level":"info","message":"database connection successful","timestamp":"2024-12-07 05:12:02 PM"}
{"level":"info","message":"listening on port: 3000","timestamp":"2024-12-07 05:12:13 PM"}
{"level":"info","message":"database connection successful","timestamp":"2024-12-07 05:12:13 PM"}
{"level":"info","message":"listening on port: 3000","timestamp":"2024-12-07 05:12:28 PM"}
{"level":"info","message":"database connection successful","timestamp":"2024-12-07 05:12:28 PM"}
{"level":"info","message":"listening on port: 3000","timestamp":"2024-12-07 05:14:20 PM"}
{"level":"info","message":"database connection successful","timestamp":"2024-12-07 05:14:20 PM"}
{"level":"info","message":"listening on port: 3000","timestamp":"2024-12-07 05:15:04 PM"}
{"level":"info","message":"database connection successful","timestamp":"2024-12-07 05:15:04 PM"}
{"level":"info","message":"listening on port: 3000","timestamp":"2024-12-07 05:15:14 PM"}
{"level":"info","message":"database connection successful","timestamp":"2024-12-07 05:15:14 PM"}
{"level":"info","message":"listening on port: 3000","timestamp":"2024-12-07 05:15:37 PM"}
{"level":"info","message":"database connection successful","timestamp":"2024-12-07 05:15:38 PM"}
{"level":"info","message":"listening on port: 3000","timestamp":"2024-12-07 05:15:49 PM"}
{"level":"info","message":"database connection successful","timestamp":"2024-12-07 05:15:49 PM"}
{"level":"info","message":"listening on port: 3000","timestamp":"2024-12-07 05:16:33 PM"}
{"level":"info","message":"database connection successful","timestamp":"2024-12-07 05:16:34 PM"}
{"level":"info","message":"listening on port: 3000","timestamp":"2024-12-07 05:17:32 PM"}
{"level":"info","message":"database connection successful","timestamp":"2024-12-07 05:17:32 PM"}
{"level":"info","message":"listening on port: 3000","timestamp":"2024-12-07 05:18:06 PM"}
{"level":"info","message":"database connection successful","timestamp":"2024-12-07 05:18:06 PM"}
{"level":"info","message":"listening on port: 3000","timestamp":"2024-12-07 05:19:24 PM"}
{"level":"info","message":"database connection successful","timestamp":"2024-12-07 05:19:24 PM"}
{"level":"info","message":"listening on port: 3000","timestamp":"2024-12-07 05:25:29 PM"}
{"level":"info","message":"database connection successful","timestamp":"2024-12-07 05:25:29 PM"}
